{
  "archive_sha256": "164ae1eb32cea353551bbc7f9358dcaae4ffabbe65ec37a92ca464a9570a2a0a",
  "complete_notices_verified": [
    "MIT-LICENSE.txt",
    "UNICODE-LICENSE.txt",
    "NOTICE.txt"
  ],
  "helper_sha256": "51dc583d55b712838f990530afe9bdf6ccdfb48e5b71d87b97b1d70070500442",
  "input_manifest_sha256": "760dba33ab7b05ecf622c5a5be93b20d7e31734e2ade76fb601530229fd82e1a",
  "inputs_unchanged": true,
  "mapping_byte_equal": true,
  "mapping_rows": 8179,
  "mapping_sha256": "b6b39724dca9011113a08d9d6910204062b58169e98952acdfbd19bf2c31bbff",
  "members": {
    "package/.npmignore": {
      "bytes": 40,
      "sha256": "220244e94c71eccaccee66cac3ccd592f503f4a21caabbde6b92d16ce4434ba1",
      "source_tree_match": true
    },
    "package/index.js": {
      "bytes": 7567,
      "sha256": "8194f9425ce9ab06ea9aebcd64a85ec064d95d61bb349f8f1c98762ad256638e",
      "source_tree_match": true
    },
    "package/lib/.gitkeep": {
      "bytes": 0,
      "sha256": "e3b0c44298fc1c149afbf4c8996fb92427ae41e4649b934ca495991b7852b855",
      "source_tree_match": true
    },
    "package/lib/mappingTable.json": {
      "bytes": 260049,
      "sha256": "b6b39724dca9011113a08d9d6910204062b58169e98952acdfbd19bf2c31bbff",
      "source_tree_match": false
    },
    "package/package.json": {
      "bytes": 732,
      "sha256": "615087f58ee138fd35c2b414c355b72e36e5919725b8aecc1c34f6a5585b9779",
      "source_tree_match": true
    }
  },
  "scope": "Exact notice/source supplement only; no product adoption or distribution approval.",
  "status": "verified",
  "unchanged_source_entries": 13
}
