{"name": "cunit", "sha256": "f5b29137f845bb08b77ec60584fdb728b4e58f1023e6f249a464efa49a40f214", "verified": true}
{"name": "gdal", "sha256": "335a8d2c7567d783563d3fed37e8b58d72d9c1723f6fd1d8c299fe4c0d936781", "verified": true}
{"name": "gdal-tests", "sha256": "e64a9a4bdfb1027d9dcb6d684bd7aa2a76f6612e18eca71897e4025ec4e1e097", "verified": true}
{"name": "geos", "sha256": "df2c50503295f325e7c8d7b783aca8ba4773919cde984193850cf9e361dfd28c", "verified": true}
{"name": "googletest", "sha256": "7b42b4d6ed48810c5362c265a17faebe90dc2373c885e5216439d37927f02926", "verified": true}
{"name": "jpeg", "sha256": "04705c110cb2469caa79fb71fba3d7bf834914706e9641a4589485c1f832565b", "verified": true}
{"name": "json-c", "sha256": "876ab046479166b869afc6896d288183bbc0e5843f141200c677b3e8dfb11724", "verified": true}
{"name": "libpng", "sha256": "28eb403f51f0f7405249132cecfe82ea5c0ef97f1b32c5a65828814ae0d34775", "verified": true}
{"name": "libxml2", "sha256": "7ce458a0affeb83f0b55f1f4f9e0e55735dbfc1a9de124ee86fb4a66b597203a", "verified": true}
{"name": "postgis", "sha256": "56c28571f8e93cd0fb5232b62d4802f7c603df4cab397ca436fb2018795caca0", "verified": true}
{"name": "postgis-upgrade", "sha256": "421eb634849757ac09cdc2a24ebf8f6785cc25474c72ae1efad14499ccf6e898", "verified": true}
{"name": "postgresql", "sha256": "2b72bd0340b66c8f824e5d4d44b19685e6a89c2cfeb6ae45c98aa87fb285336f", "verified": true}
{"name": "proj", "sha256": "53d0cafaee3bb2390264a38668ed31d90787de05e71378ad7a8f35bb34c575d1", "verified": true}
{"name": "protobuf", "sha256": "2c6a36c7b5a55accae063667ef3c55f2642e67476d96d355ff0acb13dbb47f09", "verified": true}
{"name": "protobuf-c", "sha256": "e2c86271873a79c92b58fef7ebf8de1aa0df4738347a8bd5d4e65a80a16d0d24", "verified": true}
{"name": "sqlite", "sha256": "a3db587a1b92ee5ddac2f66b3edb41b26f9c867275782d46c3a088977d6a5b18", "verified": true}
{"name": "tiff", "sha256": "273a0a73b1f0bed640afee4a5df0337357ced5b53d3d5d1c405b936501f71017", "verified": true}
{"name": "zlib", "sha256": "9a93b2b7dfdac77ceba5a558a580e74667dd6fede4585b91eefb60f03b72df23", "verified": true}
{"name": "pyyaml", "sha256": "d584d9ec91ad65861cc08d42e834324ef890a082e591037abe114850ff7bbc3e", "verified": true}
{"name": "curl", "sha256": "f4619a1e2474c4bbfedc88a7c2191209c8334b48fa1f4e53fd584cc12e9120dd", "verified": true}
